2026-03-30 11:57:42 | slvps.pdtr@gmail.com | Connection unexpectedly closed: The read operation timed out
